[    0.000000] Linux version 4.15.0-212-generic (buildd@lcy02-amd64-083) (gcc version 7.5.0 (Ubuntu 7.5.0-3ubuntu1~18.04)) #223-Ubuntu SMP Tue May 23 13:09:22 UTC 2023 (Ubuntu 4.15.0-212.223-generic 4.15.18)
[    0.000000] Command line: BOOT_IMAGE=/boot/vmlinuz-4.15.0-212-generic root=LABEL=cloudimg-rootfs ro console=tty1 console=ttyS0
[    0.000000] KERNEL supported cpus:
[    0.000000]   Intel GenuineIntel
[    0.000000]   AMD AuthenticAMD
[    0.000000]   Centaur CentaurHauls
[    0.000000] x86/fpu: x87 FPU will use FXSAVE
[    0.000000] e820: BIOS-provided physical RAM map:
[    0.000000] BIOS-e820: [mem 0x0000000000000000-0x000000000009fbff] usable
[    0.000000] BIOS-e820: [mem 0x000000000009fc00-0x000000000009ffff] reserved
[    0.000000] BIOS-e820: [mem 0x00000000000f0000-0x00000000000fffff] reserved
[    0.000000] BIOS-e820: [mem 0x0000000000100000-0x000000000ffeffff] usable
[    0.000000] BIOS-e820: [mem 0x000000000fff0000-0x000000000fffffff] ACPI data
[    0.000000] BIOS-e820: [mem 0x00000000fec00000-0x00000000fec00fff] reserved
[    0.000000] BIOS-e820: [mem 0x00000000fee00000-0x00000000fee00fff] reserved
[    0.000000] BIOS-e820: [mem 0x00000000fffc0000-0x00000000ffffffff] reserved
[    0.000000] NX (Execute Disable) protection: active
[    0.000000] SMBIOS 2.5 present.
[    0.000000] DMI: innotek GmbH VirtualBox/VirtualBox, BIOS VirtualBox 12/01/2006
[    0.000000] Hypervisor detected: KVM
[    0.000000] e820: last_pfn = 0xfff0 max_arch_pfn = 0x400000000
[    0.000000] MTRR: Disabled
[    0.000000] x86/PAT: MTRRs disabled, skipping PAT initialization too.
[    0.000000] CPU MTRRs all blank - virtualized system.
[    0.000000] x86/PAT: Configuration [0-7]: WB  WT  UC- UC  WB  WT  UC- UC  
[    0.000000] found SMP MP-table at [mem 0x0009fff0-0x0009ffff]
[    0.000000] Scanning 1 areas for low memory corruption
[    0.000000] RAMDISK: [mem 0x0db01000-0x0ee12fff]
[    0.000000] ACPI: Early table checksum verification disabled
[    0.000000] ACPI: RSDP 0x00000000000E0000 000024 (v02 VBOX  )
[    0.000000] ACPI: XSDT 0x000000000FFF0030 00003C (v01 VBOX   VBOXXSDT 00000001 ASL  00000061)
[    0.000000] ACPI: FACP 0x000000000FFF00F0 0000F4 (v04 VBOX   VBOXFACP 00000001 ASL  00000061)
[    0.000000] ACPI: DSDT 0x000000000FFF0610 002353 (v02 VBOX   VBOXBIOS 00000002 INTL 20100528)
[    0.000000] ACPI: FACS 0x000000000FFF0200 000040
[    0.000000] ACPI: FACS 0x000000000FFF0200 000040
[    0.000000] ACPI: APIC 0x000000000FFF0240 000054 (v02 VBOX   VBOXAPIC 00000001 ASL  00000061)
[    0.000000] ACPI: SSDT 0x000000000FFF02A0 00036C (v01 VBOX   VBOXCPUT 00000002 INTL 20100528)
[    0.000000] ACPI: Reserving FACP table memory at [mem 0xfff00f0-0xfff01e3]
[    0.000000] ACPI: Reserving DSDT table memory at [mem 0xfff0610-0xfff2962]
[    0.000000] ACPI: Reserving FACS table memory at [mem 0xfff0200-0xfff023f]
[    0.000000] ACPI: Reserving FACS table memory at [mem 0xfff0200-0xfff023f]
[    0.000000] ACPI: Reserving APIC table memory at [mem 0xfff0240-0xfff0293]
[    0.000000] ACPI: Reserving SSDT table memory at [mem 0xfff02a0-0xfff060b]
[    0.000000] No NUMA configuration found
[    0.000000] Faking a node at [mem 0x0000000000000000-0x000000000ffeffff]
[    0.000000] NODE_DATA(0) allocated [mem 0x0ffc5000-0x0ffeffff]
[    0.000000] kvm-clock: cpu 0, msr 0:ff44001, primary cpu clock
[    0.000000] kvm-clock: Using msrs 4b564d01 and 4b564d00
[    0.000000] kvm-clock: using sched offset of 4617170850 cycles
[    0.000000] clocksource: kvm-clock: mask: 0xffffffffffffffff max_cycles: 0x1cd42e4dffb, max_idle_ns: 881590591483 ns
[    0.000000] Zone ranges:
[    0.000000]   DMA      [mem 0x0000000000001000-0x0000000000ffffff]
[    0.000000]   DMA32    [mem 0x0000000001000000-0x000000000ffeffff]
[    0.000000]   Normal   empty
[    0.000000]   Device   empty
[    0.000000] Movable zone start for each node
[    0.000000] Early memory node ranges
[    0.000000]   node   0: [mem 0x0000000000001000-0x000000000009efff]
[    0.000000]   node   0: [mem 0x0000000000100000-0x000000000ffeffff]
[    0.000000] Reserved but unavailable: 104 pages
[    0.000000] Initmem setup node 0 [mem 0x0000000000001000-0x000000000ffeffff]
[    0.000000] ACPI: PM-Timer IO Port: 0x4008
[    0.000000] IOAPIC[0]: apic_id 1, version 32, address 0xfec00000, GSI 0-23
[    0.000000] ACPI: INT_SRC_OVR (bus 0 bus_irq 0 global_irq 2 dfl dfl)
[    0.000000] ACPI: INT_SRC_OVR (bus 0 bus_irq 9 global_irq 9 low level)
[    0.000000] Using ACPI (MADT) for SMP configuration information
[    0.000000] smpboot: Allowing 1 CPUs, 0 hotplug CPUs
[    0.000000] PM: Registered nosave memory: [mem 0x00000000-0x00000fff]
[    0.000000] PM: Registered nosave memory: [mem 0x0009f000-0x0009ffff]
[    0.000000] PM: Registered nosave memory: [mem 0x000a0000-0x000effff]
[    0.000000] PM: Registered nosave memory: [mem 0x000f0000-0x000fffff]
[    0.000000] e820: [mem 0x10000000-0xfebfffff] available for PCI devices
[    0.000000] Booting paravirtualized kernel on KVM
[    0.000000] clocksource: refined-jiffies: mask: 0xffffffff max_cycles: 0xffffffff, max_idle_ns: 7645519600211568 ns
[    0.000000] setup_percpu: NR_CPUS:8192 nr_cpumask_bits:1 nr_cpu_ids:1 nr_node_ids:1
[    0.000000] percpu: Embedded 50 pages/cpu s167936 r8192 d28672 u2097152
[    0.000000] PV qspinlock hash table entries: 256 (order: 0, 4096 bytes)
[    0.000000] Built 1 zonelists, mobility grouping on.  Total pages: 64377
[    0.000000] Policy zone: DMA32
[    0.000000] Kernel command line: BOOT_IMAGE=/boot/vmlinuz-4.15.0-212-generic root=LABEL=cloudimg-rootfs ro console=tty1 console=ttyS0
[    0.000000] Memory: 208700K/261688K available (12300K kernel code, 2477K rwdata, 4324K rodata, 2480K init, 2720K bss, 52988K reserved, 0K cma-reserved)
[    0.000000] SLUB: HWalign=64, Order=0-3, MinObjects=0, CPUs=1, Nodes=1
[    0.000000] ftrace: allocating 39508 entries in 155 pages
[    0.004000] Hierarchical RCU implementation.
[    0.004000] 	RCU restricting CPUs from NR_CPUS=8192 to nr_cpu_ids=1.
[    0.004000] 	Tasks RCU enabled.
[    0.004000] RCU: Adjusting geometry for rcu_fanout_leaf=16, nr_cpu_ids=1
[    0.004000] NR_IRQS: 524544, nr_irqs: 256, preallocated irqs: 16
[    0.004000] random: crng init done
[    0.004000] Console: colour VGA+ 80x25
[    0.004000] console [tty1] enabled
[    0.004000] console [ttyS0] enabled
[    0.004000] ACPI: Core revision 20170831
[    0.004000] ACPI: 2 ACPI AML tables successfully acquired and loaded
[    0.004000] APIC: Switch to symmetric I/O mode setup
[    0.008000] ..TIMER: vector=0x30 apic1=0 pin1=2 apic2=-1 pin2=-1
[    0.012007] tsc: Detected 2496.008 MHz processor
[    0.016012] Calibrating delay loop (skipped) preset value.. 4992.01 BogoMIPS (lpj=9984032)
[    0.020007] pid_max: default: 32768 minimum: 301
[    0.024048] Security Framework initialized
[    0.028007] Yama: becoming mindful.
[    0.032033] AppArmor: AppArmor initialized
[    0.036088] Dentry cache hash table entries: 32768 (order: 6, 262144 bytes)
[    0.040040] Inode-cache hash table entries: 16384 (order: 5, 131072 bytes)
[    0.048033] Mount-cache hash table entries: 512 (order: 0, 4096 bytes)
[    0.052020] Mountpoint-cache hash table entries: 512 (order: 0, 4096 bytes)
[    0.060558] Last level iTLB entries: 4KB 64, 2MB 8, 4MB 8
[    0.064005] Last level dTLB entries: 4KB 64, 2MB 0, 4MB 0, 1GB 4
[    0.068006] Spectre V1 : Mitigation: usercopy/swapgs barriers and __user pointer sanitization
[    0.072007] Spectre V2 : Mitigation: Enhanced IBRS
[    0.076008] Spectre V2 : Spectre v2 / SpectreRSB mitigation: Filling RSB on context switch
[    0.080010] Spectre V2 : Spectre v2 / PBRSB-eIBRS: Retire a single CALL on VMEXIT
[    0.088004] RETBleed: Mitigation: Enhanced IBRS
[    0.092005] Speculative Store Bypass: Vulnerable
[    0.096056] MMIO Stale Data: Vulnerable: Clear CPU buffers attempted, no microcode
[    0.100008] SRBDS: Unknown: Dependent on hypervisor status
[    0.110714] Freeing SMP alternatives memory: 36K
[    0.224612] smpboot: CPU0: Intel(R) Core(TM) i5-10300H CPU @ 2.50GHz (family: 0x6, model: 0xa5, stepping: 0x2)
[    0.228104] Performance Events: unsupported p6 CPU model 165 no PMU driver, software events only.
[    0.232038] Hierarchical SRCU implementation.
[    0.237286] NMI watchdog: Perf event create on CPU 0 failed with -2
[    0.240007] NMI watchdog: Perf NMI watchdog permanently disabled
[    0.244055] smp: Bringing up secondary CPUs ...
[    0.248072] smp: Brought up 1 node, 1 CPU
[    0.252003] smpboot: Max logical packages: 1
[    0.256021] smpboot: Total of 1 processors activated (4992.01 BogoMIPS)
[    0.260126] devtmpfs: initialized
[    0.264053] x86/mm: Memory block size: 128MB
[    0.268104] evm: security.selinux
[    0.272004] evm: security.SMACK64
[    0.276003] evm: security.SMACK64EXEC
[    0.280003] evm: security.SMACK64TRANSMUTE
[    0.284002] evm: security.SMACK64MMAP
[    0.288003] evm: security.apparmor
[    0.292003] evm: security.ima
[    0.296003] evm: security.capability
[    0.300113] clocksource: jiffies: mask: 0xffffffff max_cycles: 0xffffffff, max_idle_ns: 7645041785100000 ns
[    0.304024] futex hash table entries: 256 (order: 2, 16384 bytes)
[    0.308066] pinctrl core: initialized pinctrl subsystem
[    0.312392] RTC time:  0:21:06, date: 08/04/24
[    0.316196] NET: Registered protocol family 16
[    0.320109] audit: initializing netlink subsys (disabled)
[    0.324137] cpuidle: using governor ladder
[    0.328014] audit: type=2000 audit(1722730870.663:1): state=initialized audit_enabled=0 res=1
[    0.332012] cpuidle: using governor menu
[    0.336073] ACPI: bus type PCI registered
[    0.340007] acpiphp: ACPI Hot Plug PCI Controller Driver version: 0.5
[    0.344400] PCI: Using configuration type 1 for base access
[    0.349128] HugeTLB registered 2.00 MiB page size, pre-allocated 0 pages
[    0.352196] ACPI: Added _OSI(Module Device)
[    0.356004] ACPI: Added _OSI(Processor Device)
[    0.360004] ACPI: Added _OSI(3.0 _SCP Extensions)
[    0.364003] ACPI: Added _OSI(Processor Aggregator Device)
[    0.368011] ACPI: Added _OSI(Linux-Dell-Video)
[    0.372016] ACPI: Added _OSI(Linux-Lenovo-NV-HDMI-Audio)
[    0.376005] ACPI: Added _OSI(Linux-HPI-Hybrid-Graphics)
[    0.380953] ACPI: Executed 1 blocks of module-level executable AML code
[    0.389919] ACPI: Interpreter enabled
[    0.392014] ACPI: (supports S0 S5)
[    0.396004] ACPI: Using IOAPIC for interrupt routing
[    0.404429] PCI: Using host bridge windows from ACPI; if necessary, use "pci=nocrs" and report a bug
[    0.408240] ACPI: Enabled 2 GPEs in block 00 to 07
[    0.427142] ACPI: PCI Root Bridge [PCI0] (domain 0000 [bus 00-ff])
[    0.428023] acpi PNP0A03:00: _OSC: OS supports [ASPM ClockPM Segments MSI]
[    0.433012] acpi PNP0A03:00: _OSC: not requesting OS control; OS requires [ExtendedConfig ASPM ClockPM MSI]
[    0.436018] acpi PNP0A03:00: fail to add MMCONFIG information, can't access extended PCI configuration space under this bridge.
[    0.444750] PCI host bridge to bus 0000:00
[    0.448005] pci_bus 0000:00: root bus resource [io  0x0000-0x0cf7 window]
[    0.452004] pci_bus 0000:00: root bus resource [io  0x0d00-0xffff window]
[    0.456006] pci_bus 0000:00: root bus resource [mem 0x000a0000-0x000bffff window]
[    0.460004] pci_bus 0000:00: root bus resource [mem 0x10000000-0xfdffffff window]
[    0.464005] pci_bus 0000:00: root bus resource [bus 00-ff]
[    0.478633] pci 0000:00:01.1: legacy IDE quirk: reg 0x10: [io  0x01f0-0x01f7]
[    0.480012] pci 0000:00:01.1: legacy IDE quirk: reg 0x14: [io  0x03f6]
[    0.484008] pci 0000:00:01.1: legacy IDE quirk: reg 0x18: [io  0x0170-0x0177]
[    0.488004] pci 0000:00:01.1: legacy IDE quirk: reg 0x1c: [io  0x0376]
[    0.522770] pci 0000:00:07.0: quirk: [io  0x4000-0x403f] claimed by PIIX4 ACPI
[    0.524039] pci 0000:00:07.0: quirk: [io  0x4100-0x410f] claimed by PIIX4 SMB
[    0.546066] ACPI: PCI Interrupt Link [LNKA] (IRQs 5 9 10 *11)
[    0.548558] ACPI: PCI Interrupt Link [LNKB] (IRQs 5 9 *10 11)
[    0.552220] ACPI: PCI Interrupt Link [LNKC] (IRQs 5 *9 10 11)
[    0.556328] ACPI: PCI Interrupt Link [LNKD] (IRQs 5 9 10 *11)
[    0.560540] SCSI subsystem initialized
[    0.564112] pci 0000:00:02.0: vgaarb: setting as boot VGA device
[    0.568000] pci 0000:00:02.0: vgaarb: VGA device added: decodes=io+mem,owns=io+mem,locks=none
[    0.568012] pci 0000:00:02.0: vgaarb: bridge control possible
[    0.572006] vgaarb: loaded
[    0.576050] ACPI: bus type USB registered
[    0.580044] usbcore: registered new interface driver usbfs
[    0.584030] usbcore: registered new interface driver hub
[    0.588025] usbcore: registered new device driver usb
[    0.592111] EDAC MC: Ver: 3.0.0
[    0.596978] PCI: Using ACPI for IRQ routing
[    0.600935] NetLabel: Initializing
[    0.604006] NetLabel:  domain hash size = 128
[    0.608005] NetLabel:  protocols = UNLABELED CIPSOv4 CALIPSO
[    0.612031] NetLabel:  unlabeled traffic allowed by default
[    0.616240] clocksource: Switched to clocksource kvm-clock
[    0.660655] VFS: Disk quotas dquot_6.6.0
[    0.672255] VFS: Dquot-cache hash table entries: 512 (order 0, 4096 bytes)
[    0.681890] AppArmor: AppArmor Filesystem Enabled
[    0.690867] pnp: PnP ACPI init
[    0.700738] pnp: PnP ACPI: found 3 devices
[    0.715617] clocksource: acpi_pm: mask: 0xffffff max_cycles: 0xffffff, max_idle_ns: 2085701024 ns
[    0.727435] NET: Registered protocol family 2
[    0.734655] IP idents hash table entries: 4096 (order: 3, 32768 bytes)
[    0.748059] TCP established hash table entries: 2048 (order: 2, 16384 bytes)
[    0.758348] TCP bind hash table entries: 2048 (order: 3, 32768 bytes)
[    0.767385] TCP: Hash tables configured (established 2048 bind 2048)
[    0.777943] UDP hash table entries: 256 (order: 1, 8192 bytes)
[    0.787469] UDP-Lite hash table entries: 256 (order: 1, 8192 bytes)
[    0.796236] NET: Registered protocol family 1
[    0.804158] pci 0000:00:00.0: Limiting direct PCI/PCI transfers
[    0.814461] pci 0000:00:01.0: Activating ISA DMA hang workarounds
[    0.823055] pci 0000:00:02.0: Video device with shadowed ROM at [mem 0x000c0000-0x000dffff]
[    0.837715] Unpacking initramfs...
[    1.463223] Freeing initrd memory: 19528K
[    1.470401] clocksource: tsc: mask: 0xffffffffffffffff max_cycles: 0x23fa7ec29e6, max_idle_ns: 440795214074 ns
[    1.482102] platform rtc_cmos: registered platform RTC device (no PNP device found)
[    1.492306] Scanning for low memory corruption every 60 seconds
[    1.502104] Initialise system trusted keyrings
[    1.508555] Key type blacklist registered
[    1.513297] workingset: timestamp_bits=36 max_order=16 bucket_order=0
[    1.525747] zbud: loaded
[    1.532971] squashfs: version 4.0 (2009/01/31) Phillip Lougher
[    1.541426] fuse init (API version 7.26)
[    1.548891] Key type asymmetric registered
[    1.555027] Asymmetric key parser 'x509' registered
[    1.561062] Block layer SCSI generic (bsg) driver version 0.4 loaded (major 246)
[    1.570004] io scheduler noop registered
[    1.575644] io scheduler deadline registered
[    1.580887] io scheduler cfq registered (default)
[    1.587757] ACPI: AC Adapter [AC] (off-line)
[    1.593148] input: Power Button as /devices/LNXSYSTM:00/LNXPWRBN:00/input/input0
[    1.601891] ACPI: Power Button [PWRF]
[    1.607108] input: Sleep Button as /devices/LNXSYSTM:00/LNXSLPBN:00/input/input1
[    1.615513] ACPI: Sleep Button [SLPF]
[    1.622759] ACPI: Battery Slot [BAT0] (battery present)
[    1.629975] Serial: 8250/16550 driver, 32 ports, IRQ sharing enabled
[    1.669422] 00:02: ttyS0 at I/O 0x3f8 (irq = 4, base_baud = 115200) is a 16550A
[    1.683124] Linux agpgart interface v0.103
[    1.692546] loop: module loaded
[    1.701422] scsi host0: ata_piix
[    1.707180] scsi host1: ata_piix
[    1.712529] ata1: PATA max UDMA/33 cmd 0x1f0 ctl 0x3f6 bmdma 0xd000 irq 14
[    1.721802] ata2: PATA max UDMA/33 cmd 0x170 ctl 0x376 bmdma 0xd008 irq 15
[    1.733847] tun: Universal TUN/TAP device driver, 1.6
[    1.741460] PPP generic driver version 2.4.2
[    1.746965] ehci_hcd: USB 2.0 'Enhanced' Host Controller (EHCI) Driver
[    1.756249] ehci-pci: EHCI PCI platform driver
[    1.764219] ehci-platform: EHCI generic platform driver
[    1.773014] ohci_hcd: USB 1.1 'Open' Host Controller (OHCI) Driver
[    1.782244] ohci-pci: OHCI PCI platform driver
[    1.789672] ohci-platform: OHCI generic platform driver
[    1.798055] uhci_hcd: USB Universal Host Controller Interface driver
[    1.807615] i8042: PNP: PS/2 Controller [PNP0303:PS2K,PNP0f03:PS2M] at 0x60,0x64 irq 1,12
[    1.825751] serio: i8042 KBD port at 0x60,0x64 irq 1
[    1.832956] serio: i8042 AUX port at 0x60,0x64 irq 12
[    1.841904] mousedev: PS/2 mouse device common for all mice
[    1.853823] input: AT Translated Set 2 keyboard as /devices/platform/i8042/serio0/input/input2
[    1.869678] rtc_cmos rtc_cmos: rtc core: registered rtc_cmos as rtc0
[    1.880768] rtc_cmos rtc_cmos: alarms up to one day, 114 bytes nvram
[    1.891290] i2c /dev entries driver
[    1.959964] device-mapper: uevent: version 1.0.3
[    1.965954] device-mapper: ioctl: 4.37.0-ioctl (2017-09-20) initialised: dm-devel@redhat.com
[    1.976289] ledtrig-cpu: registered to indicate activity on CPUs
[    1.983904] NET: Registered protocol family 10
[    1.995269] Segment Routing with IPv6
[    2.000442] NET: Registered protocol family 17
[    2.006827] Key type dns_resolver registered
[    2.011871] mce: Using 0 MCE banks
[    2.017021] RAS: Correctable Errors collector initialized.
[    2.023063] sched_clock: Marking stable (2023000597, 0)->(3359602903, -1336602306)
[    2.033594] registered taskstats version 1
[    2.040954] Loading compiled-in X.509 certificates
[    2.049157] Loaded X.509 cert 'Build time autogenerated kernel key: b5b26778eaa3ab3a4a6cee031137706e947d12ad'
[    2.062083] Loaded X.509 cert 'Canonical Ltd. Live Patch Signing: 14df34d1a87cf37625abec039ef2bf521249b969'
[    2.073396] Loaded X.509 cert 'Canonical Ltd. Kernel Module Signing: 88f752e560a1e0737e31163a466ad7b70a850c19'
[    2.084991] blacklist: Loading compiled-in revocation X.509 certificates
[    2.093596] Loaded X.509 cert 'Canonical Ltd. Secure Boot Signing: 61482aa2830d0ab2ad5af10b7250da9033ddcef0'
[    2.108985] Loaded X.509 cert 'Canonical Ltd. Secure Boot Signing (2017): 242ade75ac4a15e50d50c84b0d45ff3eae707a03'
[    2.123163] Loaded X.509 cert 'Canonical Ltd. Secure Boot Signing (ESM 2018): 365188c1d374d6b07c3c8f240f8ef722433d6a8b'
[    2.137110] Loaded X.509 cert 'Canonical Ltd. Secure Boot Signing (2019): c0746fd6c5da3ae827864651ad66ae47fe24b3e8'
[    2.149412] Loaded X.509 cert 'Canonical Ltd. Secure Boot Signing (2021 v1): a8d54bbb3825cfb94fa13c9f8a594a195c107b8d'
[    2.160653] Loaded X.509 cert 'Canonical Ltd. Secure Boot Signing (2021 v2): 4cf046892d6fd3c9a5b03f98d845f90851dc6a8c'
[    2.172578] Loaded X.509 cert 'Canonical Ltd. Secure Boot Signing (2021 v3): 100437bb6de6e469b581e61cd66bce3ef4ed53af'
[    2.186948] Loaded X.509 cert 'Canonical Ltd. Secure Boot Signing (Ubuntu Core 2019): c1d57b8f6b743f23ee41f4f7ee292f06eecadfb9'
[    2.203669] zswap: loaded using pool lzo/zbud
[    2.213271] Key type big_key registered
[    2.220429] Key type trusted registered
[    2.227500] Key type encrypted registered
[    2.232252] AppArmor: AppArmor sha1 policy hashing enabled
[    2.239414] ima: No TPM chip found, activating TPM-bypass! (rc=-19)
[    2.246569] ima: Allocated hash algorithm: sha1
[    2.252321] evm: HMAC attrs: 0x1
[    2.257001]   Magic number: 4:132:354
[    2.261431] input event0: hash matches
[    2.265824] rtc_cmos rtc_cmos: setting system clock to 2024-08-04 00:21:08 UTC (1722730868)
[    2.274776] BIOS EDD facility v0.16 2004-Jun-25, 0 devices found
[    2.286125] EDD information not available.
[    2.297804] Freeing unused kernel image memory: 2480K
[    2.313194] Write protecting the kernel read-only data: 20480k
[    2.323079] Freeing unused kernel image memory: 2008K
[    2.331707] Freeing unused kernel image memory: 1820K
[    2.354048] x86/mm: Checked W+X mappings: passed, no W+X pages found.
Loading, please wait...
starting version 237
[    2.516106] e1000: Intel(R) PRO/1000 Network Driver - version 7.3.21-k8-NAPI
[    2.529412] e1000: Copyright (c) 1999-2006 Intel Corporation.
[    2.575769] Fusion MPT base driver 3.04.20
[    2.583253] Copyright (c) 1999-2008 LSI Corporation
[    2.625050] SSE version of gcm_enc/dec engaged.
[    2.698708] Fusion MPT SPI Host driver 3.04.20
[    2.858054] input: ImExPS/2 Generic Explorer Mouse as /devices/platform/i8042/serio1/input/input4
[    3.613061] e1000 0000:00:03.0 eth0: (PCI:33MHz:32-bit) 02:3b:7b:b7:3b:2d
[    3.620814] e1000 0000:00:03.0 eth0: Intel(R) PRO/1000 Network Connection
[    3.631078] mptbase: ioc0: Initiating bringup
[    3.765024] ioc0: LSI53C1030 A0: Capabilities={Initiator}
[    4.045016] scsi host2: ioc0: LSI53C1030 A0, FwRev=00000000h, Ports=1, MaxQ=256, IRQ=20
[    4.226825] scsi 2:0:0:0: Direct-Access     VBOX     HARDDISK         1.0  PQ: 0 ANSI: 5
[    4.243453] scsi target2:0:0: Beginning Domain Validation
[    4.258381] scsi target2:0:0: Domain Validation skipping write tests
[    4.265782] scsi target2:0:0: Ending Domain Validation
[    4.272745] scsi target2:0:0: asynchronous
[    4.280372] scsi 2:0:1:0: Direct-Access     VBOX     HARDDISK         1.0  PQ: 0 ANSI: 5
[    4.297413] scsi target2:0:1: Beginning Domain Validation
[    4.375227] scsi target2:0:1: Domain Validation skipping write tests
[    4.385205] scsi target2:0:1: Ending Domain Validation
[    4.421018] scsi target2:0:1: asynchronous
[    4.526121] sd 2:0:0:0: [sda] 83886080 512-byte logical blocks: (42.9 GB/40.0 GiB)
[    4.535316] sd 2:0:0:0: Attached scsi generic sg0 type 0
[    4.551498] sd 2:0:0:0: [sda] Write Protect is off
[    4.559513] sd 2:0:1:0: Attached scsi generic sg1 type 0
[    4.568562] sd 2:0:1:0: [sdb] 20480 512-byte logical blocks: (10.5 MB/10.0 MiB)
[    4.589413] sd 2:0:0:0: [sda] Incomplete mode parameter data
[    4.596495] sd 2:0:0:0: [sda] Assuming drive cache: write through
[    4.606167] sd 2:0:1:0: [sdb] Write Protect is off
[    4.622664] sd 2:0:1:0: [sdb] Incomplete mode parameter data
[    4.631236] sd 2:0:1:0: [sdb] Assuming drive cache: write through
[    4.662063]  sda: sda1
[    4.672840] sd 2:0:0:0: [sda] Attached SCSI disk
[    4.682225] sd 2:0:1:0: [sdb] Attached SCSI disk
[    5.315727] e1000 0000:00:08.0 eth1: (PCI:33MHz:32-bit) 08:00:27:bb:32:d2
[    5.327621] e1000 0000:00:08.0 eth1: Intel(R) PRO/1000 Network Connection
[    5.343607] e1000 0000:00:08.0 enp0s8: renamed from eth1
[    5.373032] e1000 0000:00:03.0 enp0s3: renamed from eth0
Begin: Loading essential drivers ... [    7.832471] raid6: sse2x1   gen()  8624 MB/s
[    7.896259] raid6: sse2x1   xor()  7142 MB/s
[    7.960273] raid6: sse2x2   gen() 11548 MB/s
[    8.012075] raid6: sse2x2   xor()  7633 MB/s
[    8.064147] raid6: sse2x4   gen() 13044 MB/s
[    8.116147] raid6: sse2x4   xor()  7563 MB/s
[    8.122167] raid6: using algorithm sse2x4 gen() 13044 MB/s
[    8.128484] raid6: .... xor() 7563 MB/s, rmw enabled
[    8.135558] raid6: using ssse3x2 recovery algorithm
[    8.142658] xor: measuring software checksum speed
[    8.249586]    prefetch64-sse: 45786.000 MB/sec
[    8.375224]    generic_sse: 40994.000 MB/sec
[    8.380687] xor: using function: prefetch64-sse (45786.000 MB/sec)
[    8.389030] async_tx: api initialized (async)
done.
Begin: Running /scripts/init-premount ... done.
Begin: Mounting root file system ... Begin: Running /scripts/local-top ... done.
Begin: Running /scripts/local-premount ... [    8.477206] Btrfs loaded, crc32c=crc32c-intel
Scanning for Btrfs filesystems
done.
Warning: fsck not present, so skipping root file system
[    8.570524] EXT4-fs (sda1): mounted filesystem with ordered data mode. Opts: (null)
done.
Begin: Running /scripts/local-bottom ... done.
Begin: Running /scripts/init-bottom ... done.
[    8.894204] ip_tables: (C) 2000-2006 Netfilter Core Team
[    8.926912] systemd[1]: systemd 237 running in system mode. (+PAM +AUDIT +SELINUX +IMA +APPARMOR +SMACK +SYSVINIT +UTMP +LIBCRYPTSETUP +GCRYPT +GNUTLS +ACL +XZ +LZ4 +SECCOMP +BLKID +ELFUTILS +KMOD -IDN2 +IDN -PCRE2 default-hierarchy=hybrid)
[    8.955269] systemd[1]: Detected virtualization oracle.
[    8.961661] systemd[1]: Detected architecture x86-64.

Welcome to [1mUbuntu 18.04.6 LTS[0m!

[    8.973638] systemd[1]: Set hostname to <ubuntu>.
[    8.989155] systemd[1]: Initializing machine ID from random generator.
[    8.996123] systemd[1]: Installed transient /etc/machine-id file.
[    9.461070] systemd[1]: Reached target User and Group Name Lookups.
[[0;32m  OK  [0m] Reached target User and Group Name Lookups.
[    9.477558] systemd[1]: Reached target Swap.
[[0;32m  OK  [0m] Reached target Swap.
[    9.490842] systemd[1]: Created slice User and Session Slice.
[[0;32m  OK  [0m] Created slice User and Session Slice.
[    9.506110] systemd[1]: Reached target Mounting snaps.
[[0;32m  OK  [0m] Reached target Mounting snaps.
[[0;32m  OK  [0m] Started Forward Password Requests to Wall Directory Watch.
[[0;32m  OK  [0m] Reached target Mounted snaps.
[[0;32m  OK  [0m] Set up automount Arbitrary Executabâ€¦rmats File System Automount Point.
[[0;32m  OK  [0m] Reached target System Time Synchronized.
[[0;32m  OK  [0m] Created slice System Slice.
[[0;32m  OK  [0m] Listening on /dev/initctl Compatibility Named Pipe.
[[0;32m  OK  [0m] Listening on LVM2 metadata daemon socket.
[[0;32m  OK  [0m] Listening on Device-mapper event daemon FIFOs.
[[0;32m  OK  [0m] Listening on fsck to fsckd communication Socket.
[[0;32m  OK  [0m] Reached target Slices.
[[0;32m  OK  [0m] Listening on Journal Socket (/dev/log).
[[0;32m  OK  [0m] Listening on Syslog Socket.
[[0;32m  OK  [0m] Listening on LVM2 poll daemon socket.
[[0;32m  OK  [0m] Listening on udev Control Socket.
[[0;32m  OK  [0m] Listening on Journal Audit Socket.
[[0;32m  OK  [0m] Listening on udev Kernel Socket.
[[0;32m  OK  [0m] Listening on Network Service Netlink Socket.
[[0;32m  OK  [0m] Listening on Journal Socket.
         Starting File System Check on Root Device...
         Starting Create list of required stâ€¦ce nodes for the current kernel...
         Starting Monitoring of LVM2 mirrorsâ€¦ng dmeventd or progress polling...
         Starting udev Coldplug all Devices...
         Starting Load Kernel Modules...
         Starting Set the console keyboard layout...
         Starting Journal Service...
         Mounting Huge Pages File System...
         Mounting POSIX Message Queue File System...
         Starting Uncomplicated firewall...
[    9.785788] Loading iSCSI transport class v2.0-870.
[    9.797833] iscsi: registered transport (tcp)
[    9.823322] iscsi: registered transport (iser)
         Mounting Kernel Debug File System...
[[0;32m  OK  [0m] Created slice system-serial\x2dgetty.slice.
[[0;32m  OK  [0m] Started Journal Service.
[[0;32m  OK  [0m] Started Create list of required staâ€¦vice nodes for the current kernel.
[[0;32m  OK  [0m] Started File System Check on Root Device.
[[0;32m  OK  [0m] Started Load Kernel Modules.
[[0;32m  OK  [0m] Mounted Huge Pages File System.
[[0;32m  OK  [0m] Mounted POSIX Message Queue File System.
[[0;32m  OK  [0m] Started Uncomplicated firewall.
[[0;32m  OK  [0m] Mounted Kernel Debug File System.
[[0;32m  OK  [0m] Started File System Check Daemon to report status.
[[0;32m  OK  [0m] Started LVM2 metadata daemon.
         Mounting FUSE Control File System...
         Starting Apply Kernel Variables...
         Mounting Kernel Configuration File System...
         Starting Remount Root and Kernel File Systems...
         Starting Create Static Device Nodes in /dev...
[[0;32m  OK  [0m] Started udev Coldplug all Devices.
[[0;32m  OK  [0m] Mounted FUSE Control File System.
[[0;32m  OK  [0m] Mounted Kernel Configuration File System.
[[0;32m  OK  [0m] Started Monitoring of LVM2 mirrors,â€¦sing dmeventd or progress polling.
[[0;32m  OK  [0m] Started Apply Kernel Variables.
[[0;32m  OK  [0m] Started Remount Root and Kernel File Systems.
         Starting Flush Journal to Persistent Storage...
         Starting Load/Save Random Seed...
[[0;32m  OK  [0m] Started Create Static Device Nodes in /dev.
[[0;32m  OK  [0m] Started Load/Save Random Seed.
         Starting udev Kernel Device Manager...
[[0;32m  OK  [0m] Started udev Kernel Device Manager.
[[0;32m  OK  [0m] Started Flush Journal to Persistent Storage.
[[0;32m  OK  [0m] Found device /dev/ttyS0.
[[0;32m  OK  [0m] Listening on Load/Save RF Kill Switch Status /dev/rfkill Watch.
[[0;32m  OK  [0m] Started Set the console keyboard layout.
         Mounting Arbitrary Executable File Formats File System...
[[0;32m  OK  [0m] Started Dispatch Password Requests to Console Directory Watch.
[[0;32m  OK  [0m] Reached target Local Encrypted Volumes.
[[0;32m  OK  [0m] Reached target Local File Systems (Pre).
[[0;32m  OK  [0m] Reached target Local File Systems.
         Starting Tell Plymouth To Write Out Runtime Data...
         Starting Commit a transient machine-id on disk...
         Starting AppArmor initialization...
         Starting Set console font and keymap...
         Starting Create Volatile Files and Directories...
         Starting ebtables ruleset management...
[[0;32m  OK  [0m] Mounted Arbitrary Executable File Formats File System.
[[0;32m  OK  [0m] Started Tell Plymouth To Write Out Runtime Data.
[[0;32m  OK  [0m] Started Commit a transient machine-id on disk.
[[0;32m  OK  [0m] Started Create Volatile Files and Directories.
         Starting Update UTMP about System Boot/Shutdown...
[[0;32m  OK  [0m] Started Update UTMP about System Boot/Shutdown.
[[0;32m  OK  [0m] Started ebtables ruleset management.
[[0;32m  OK  [0m] Started AppArmor initialization.
         Starting Load AppArmor profiles managed internally by snapd...
         Starting Initial cloud-init job (pre-networking)...
[[0;32m  OK  [0m] Started Load AppArmor profiles managed internally by snapd.
[[0;32m  OK  [0m] Started Set console font and keymap.
[   16.700308] cloud-init[754]: Cloud-init v. 23.1.2-0ubuntu0~18.04.1 running 'init-local' at Sun, 04 Aug 2024 00:21:22 +0000. Up 16.14 seconds.
[[0;32m  OK  [0m] Started Initial cloud-init job (pre-networking).
[[0;32m  OK  [0m] Reached target Network (Pre).
         Starting Network Service...
[[0;32m  OK  [0m] Started Network Service.
         Starting Wait for Network to be Configured...
         Starting Network Name Resolution...
[[0;32m  OK  [0m] Started Network Name Resolution.
[[0;32m  OK  [0m] Reached target Network.
[[0;32m  OK  [0m] Reached target Host and Network Name Lookups.
[[0;32m  OK  [0m] Started Wait for Network to be Configured.
         Starting Initial cloud-init job (metadata service crawler)...
[   19.816560] cloud-init[901]: Cloud-init v. 23.1.2-0ubuntu0~18.04.1 running 'init' at Sun, 04 Aug 2024 00:21:25 +0000. Up 19.59 seconds.
[   19.833438] cloud-init[901]: ci-info: ++++++++++++++++++++++++++++++++++++++Net device info+++++++++++++++++++++++++++++++++++++++
[   19.862686] cloud-init[901]: ci-info: +--------+-------+----------------------------+---------------+--------+-------------------+
[   19.885188] cloud-init[901]: ci-info: | Device |   Up  |          Address           |      Mask     | Scope  |     Hw-Address    |
[   19.904733] cloud-init[901]: ci-info: +--------+-------+----------------------------+---------------+--------+-------------------+
[   19.925550] cloud-init[901]: ci-info: | enp0s3 |  True |         10.0.2.15          | 255.255.255.0 | global | 02:3b:7b:b7:3b:2d |
[   19.945730] cloud-init[901]: ci-info: | enp0s3 |  True | fe80::3b:7bff:feb7:3b2d/64 |       .       |  link  | 02:3b:7b:b7:3b:2d |
[   19.965975] cloud-init[901]: ci-info: | enp0s8 | False |             .              |       .       |   .    | 08:00:27:bb:32:d2 |
[   19.986787] cloud-init[901]: ci-info: |   lo   |  True |         127.0.0.1          |   255.0.0.0   |  host  |         .         |
[   19.999831] cloud-init[901]: ci-info: |   lo   |  True |          ::1/128           |       .       |  host  |         .         |
[   20.019727] cloud-init[901]: ci-info: +--------+-------+----------------------------+---------------+--------+-------------------+
[   20.039398] cloud-init[901]: ci-info: ++++++++++++++++++++++++++++Route IPv4 info+++++++++++++++++++++++++++++
[   20.056766] cloud-init[901]: ci-info: +-------+-------------+----------+-----------------+-----------+-------+
[   20.068646] cloud-init[901]: ci-info: | Route | Destination | Gateway  |     Genmask     | Interface | Flags |
[   20.079566] cloud-init[901]: ci-info: +-------+-------------+----------+-----------------+-----------+-------+
[   20.094433] cloud-init[901]: ci-info: |   0   |   0.0.0.0   | 10.0.2.2 |     0.0.0.0     |   enp0s3  |   UG  |
[   20.116823] cloud-init[901]: ci-info: |   1   |   10.0.2.0  | 0.0.0.0  |  255.255.255.0  |   enp0s3  |   U   |
[   20.129934] cloud-init[901]: ci-info: |   2   |   10.0.2.2  | 0.0.0.0  | 255.255.255.255 |   enp0s3  |   UH  |
[   20.144586] cloud-init[901]: ci-info: +-------+-------------+----------+-----------------+-----------+-------+
[   20.159145] cloud-init[901]: ci-info: +++++++++++++++++++Route IPv6 info+++++++++++++++++++
[   20.173642] cloud-init[901]: ci-info: +-------+-------------+---------+-----------+-------+
[   20.187966] cloud-init[901]: ci-info: | Route | Destination | Gateway | Interface | Flags |
[   20.194660] cloud-init[901]: ci-info: +-------+-------------+---------+-----------+-------+
[   20.200254] cloud-init[901]: ci-info: |   1   |  fe80::/64  |    ::   |   enp0s3  |   U   |
[   20.209243] cloud-init[901]: ci-info: |   3   |    local    |    ::   |   enp0s3  |   U   |
[   20.246710] cloud-init[901]: ci-info: |   4   |   ff00::/8  |    ::   |   enp0s3  |   U   |
[   20.256355] cloud-init[901]: ci-info: +-------+-------------+---------+-----------+-------+
[   21.148659] cloud-init[901]: Generating public/private rsa key pair.
[   21.160878] cloud-init[901]: Your identification has been saved in /etc/ssh/ssh_host_rsa_key.
[   21.171111] cloud-init[901]: Your public key has been saved in /etc/ssh/ssh_host_rsa_key.pub.
[   21.181596] cloud-init[901]: The key fingerprint is:
[   21.193272] cloud-init[901]: SHA256:bx2B35hVlwardYya6vZGeKZIrgbSictmS6NXw9wiyk8 root@ubuntu-bionic
[   21.207076] cloud-init[901]: The key's randomart image is:
[   21.228507] cloud-init[901]: +---[RSA 2048]----+
[   21.232969] cloud-init[901]: |             .. +|
[   21.238348] cloud-init[901]: |           .  ++.|
[   21.249699] cloud-init[901]: |          . .+oo |
[[0;32m  OK  [0m[   21.256555] cloud-init[901]: |           .=*.  |
] Started Initial cloud-init job (metadata service crawler).
[[0;32m  OK  [0m] Reached target Network is Online.[   21.268599] cloud-init[901]: |  oo..  S .+= .  |

         Starting Availability of block devices...
[[0;32m  OK  [0m] Reached target Remote File Systems (Pre).[   21.287059] cloud-init[901]: 
[[0;32m  OK  [0m] Reached target Remote File Systems.| o.+* .. o.= .   |
[[0;32m  OK  [0m
[   21.307122] ] Reached target System Initialization.
         Starting LXD - unix socket.cloud-init[901]: |o+oE.oo ..B .    |
[[0;32m  OK  [0m] Listening on D-Bus System Message Bus Socket.
[   21.331195] 
[[0;32m  OK  [0m] Listening on cloud-init hotplug hook socket.cloud-init[901]: |+*+  . o.+ .     |
[[0;32m  OK  [0m] Started ACPI Events Check.

[   21.354627]          Starting Socket activation for snappy daemon.
cloud-init[901]: |+oo.... ..o.     |[[0;32m  OK  [0m] Started Daily apt download activities.

[[0;32m  OK  [0m] [   21.376585] cloud-init[901]: +----[SHA256]-----+Reached target Paths.
[[0;32m  OK  [0m] 
[   21.385465] cloud-init[901]: Generating public/private dsa key pair.Listening on ACPID Listen Socket.
[
[   21.393299] cloud-init[901]: Your identification has been saved in /etc/ssh/ssh_host_dsa_key.[0;32m  OK  [0m] Started Message of the Day.
[[0;32m  OK  [0m] 
[   21.405668] cloud-init[901]: Started Ubuntu Advantage Timer for running repeated jobs.
[[0;32m  OK  [0mYour public key has been saved in /etc/ssh/ssh_host_dsa_key.pub.
] Started Daily Cleanup of Temporary Directories.
[[   21.420278] cloud-init[901]: The key fingerprint is:
[0;32m  OK  [0m] Listening on UUID daemon activation socket.[   21.428638] cloud-init[901]: SHA256:nWl53HX9ajd5xadI/POhINTTIAurtohB1qNL/P7LUGw root@ubuntu-bionic
[[0;32m  OK  [0m] Started Discard unused blocks once a week.
[
[   21.441270] cloud-init[901]: The key's randomart image is:[0;32m  OK  [0m] Started Daily apt upgrade and clean activities.
[   21.449138] cloud-init[901]: +---[DSA 1024]----+
[[0;32m  OK  [0m] Reached target Timers.
[   21.458257] cloud-init[901]: 
[[0;32m  OK  [0m] Listening on Open-iSCSI iscsid Socket.|                 |
[   21.466936] cloud-init
[[0;32m  OK  [0m] Reached target Cloud-config availability.[901]: |                .|
[   21.475707] 
cloud-init[901]: |       . . .    +|[[0;32m  OK  [0m] Started Availability of block devices.
[   21.486639] cloud-init[901]: |  . .   o.+*o. oo|
[   21.491446] 
[[0;32m  OK  [0m] Listening on LXD - unix socket.
[[0;32m  OK  [0mcloud-init] Listening on Socket activation for snappy daemon.
[[901]: | o o E .So*o=.. =|[0;32m  OK  [0m] Reached target Sockets.

[   21.525609] cloud-init[901]: |+ . + . .. o.o o+|[[0;32m  OK  [0m] Reached target Basic System.
[[0;32m  OK  [0m] 
[   21.538820] Reached target Login Prompts (Pre).
cloud-init[901]: | = . o   . .. *+o|
         Starting Permit User Sessions...
[   21.553225] cloud-init[901]: [[0;32m  OK  [0m] Started FUSE filesystem for LXC.
|. = = .   . ...++|
         Starting LSB: automatic crash report generation...
[   21.586039] cloud-init[901]: | o.+.=.      .  .|
[   21.601894] cloud-init[901]: +----[SHA256]-----+
[   21.617184] cloud-init         Starting Snap Daemon...
[901]: [[0;32m  OK  [0m] Started D-Bus System Message Bus.Generating public/private ecdsa key pair.

[   21.649123] cloud-init[901]: Your identification has been saved in /etc/ssh/ssh_host_ecdsa_key.
[   21.676024] cloud-init[901]: Your public key has been saved in /etc/ssh/ssh_host_ecdsa_key.pub.
[   21.704431] cloud-init[901]: The key fingerprint is:
[   21.730213] cloud-init[901]: SHA256:br+J4CTDkBDD5BY9Jla/MM/vZpX8xFCHb6lPT/9uONo root@ubuntu-bionic
[   21.754602] cloud-init[901]: The key's randomart image is:
[   21.773240] [[0;32m  OK  [0m] Started Deferred execution scheduler.
cloud-init[901]: [[0;32m  OK  [0m] Started irqbalance daemon.
+---[ECDSA 256]---+         Starting System Logging Service...
         Starting Login Service...

[   21.834006] cloud-init[901]: |=oo.        .    |
[   21.866472] cloud-init[901]: |.*.+.      o .   |
[   21.886568]          Starting Dispatcher daemon for systemd-networkd...cloud-init
[901]:          Starting Accounts Service...
|oooo..    . o .  |         Starting Virtualbox guest utils...

[   21.925352] cloud-init[901]: |.. .= .  .   +   |
[   21.954201] cloud-init[901]: |  o  +  S + o    |
[   21.977884] cloud-init[901]: |   o  .. + + . . |
[   22.000345] cloud-init[901]: |    + o.+ o o o..|
[   22.022718] cloud-init[901]: |     =.= o o oo.o|
[   22.041097] cloud-init[901]: |      +.. +...E++|
[   22.055234] cloud-init[901]: +----[SHA256]-----+
[[0;32m  OK  [0m] Started Regular background program processing daemon.
         Starting LSB: Record successful boot for GRUB...[   22.109690] cloud-init
         Starting Pollinate to seed the pseudo random number generator...
         Starting LXD - container startup/shutdown...
[[0;32m  OK  [0m] Started System Logging Service.
[[0;32m  OK  [0m] Started Permit User Sessions.[901]: 
Generating public/private ed25519 key pair.[[0;32m  OK  [0m] Started Login Service.

[   22.220384] cloud-init[901]: Your identification has been saved in /etc/ssh/ssh_host_ed25519_key.         Starting Authorization Manager...
[[0;32m  OK  [0m] Started Unattended Upgrades Shutdown.

         Starting Hold until boot process finishes up...
         Starting Terminate Plymouth Boot Screen...
[   22.323871] cloud-init[[0;32m  OK  [0m] Started Hold until boot process finishes up.[901]: 
[[0;32m  OK  [0m] Started LSB: automatic crash report generation.Your public key has been saved in /etc/ssh/ssh_host_ed25519_key.pub.
[[0;32m  OK  [0m] Started Terminate Plymouth Boot Screen.
[[0;32m  OK  [0m] Started Serial Getty on ttyS0.

         Starting Set console scheme...[   22.411294] 
cloud-init[901]: The key fingerprint is:
[   22.430374] cloud-init[901]: SHA256:A369QWqydkJT/bG0spopWQSk2xESLZUMLbtghtG6gGA root@ubuntu-bionic
[   22.452401] [[0;32m  OK  [0m] Started Authorization Manager.
cloud-init[[0;32m  OK  [0m] Started Accounts Service.[901]: 
The key's randomart image is:
[   22.490502] cloud-init[901]: +--[ED25519 256]--+
[   22.513744] cloud-init[901]: | .  +O+.         |
[[0;32m  OK  [0m] Started Set console scheme.
[[0;32m  OK  [0m] Created slice system-getty.slice.
[[0;32m  OK  [0m] Started Getty on tty1.
[[0;32m  OK  [0m] Reached target Login Prompts.
[   22.694455] cloud-init[901]: |oE. oo*. .       |
[   22.724843] cloud-init[901]: |++  .+o.. o o    |
[   22.746443] cloud-init[[0;32m  OK  [0m] Started LSB: Record successful boot for GRUB.
[901]: |= + .+ +.+ o +   |
[   22.779165] cloud-init[901]: |.+ ...*.S + +    |
[   22.829351] cloud-init[901]: |.   .. *.. =     |
[   22.856638] cloud-init[901]: |      +o. o      |
[   22.878745] cloud-init[901]: |     .oo +       |
[   22.916697] cloud-init[901]: [[0;32m  OK  [0m] Started LXD - container startup/shutdown.|       .+        |

[   22.957830] cloud-init[901]: +----[SHA256]-----+
[[0;32m  OK  [0m] Started Virtualbox guest utils.
[[0;32m  OK  [0m] Started Dispatcher daemon for systemd-networkd.
[[0;32m  OK  [0m] Started Snap Daemon.
         Starting Wait until snapd is fully seeded...
         Starting Time & Date Service...
[[0;32m  OK  [0m] Started Time & Date Service.
[[0;32m  OK  [0m] Started Pollinate to seed the pseudo random number generator.
         Starting OpenBSD Secure Shell server...
[[0;32m  OK  [0m] Started OpenBSD Secure Shell server.
[[0;32m  OK  [0m] Created slice User Slice of vagrant.
[[0;32m  OK  [0m] Started Session 1 of user vagrant.
         Starting User Manager for UID 1000...
[[0;32m  OK  [0m] Started User Manager for UID 1000.

Ubuntu 18.04.6 LTS ubuntu-bionic ttyS0

ubuntu-bionic login: [   32.819646] cloud-init[1503]: Cloud-init v. 23.1.2-0ubuntu0~18.04.1 running 'modules:config' at Sun, 04 Aug 2024 00:21:38 +0000. Up 31.87 seconds.
ci-info: no authorized SSH keys fingerprints found for user ubuntu.
<14>Aug  4 00:21:40 cloud-init: #############################################################
<14>Aug  4 00:21:40 cloud-init: -----BEGIN SSH HOST KEY FINGERPRINTS-----
<14>Aug  4 00:21:40 cloud-init: 1024 SHA256:nWl53HX9ajd5xadI/POhINTTIAurtohB1qNL/P7LUGw root@ubuntu-bionic (DSA)
<14>Aug  4 00:21:40 cloud-init: 256 SHA256:br+J4CTDkBDD5BY9Jla/MM/vZpX8xFCHb6lPT/9uONo root@ubuntu-bionic (ECDSA)
<14>Aug  4 00:21:40 cloud-init: 256 SHA256:A369QWqydkJT/bG0spopWQSk2xESLZUMLbtghtG6gGA root@ubuntu-bionic (ED25519)
<14>Aug  4 00:21:40 cloud-init: 2048 SHA256:bx2B35hVlwardYya6vZGeKZIrgbSictmS6NXw9wiyk8 root@ubuntu-bionic (RSA)
<14>Aug  4 00:21:40 cloud-init: -----END SSH HOST KEY FINGERPRINTS-----
<14>Aug  4 00:21:40 cloud-init: #############################################################
-----BEGIN SSH HOST KEY KEYS-----
ecdsa-sha2-nistp256 AAAAE2VjZHNhLXNoYTItbmlzdHAyNTYAAAAIbmlzdHAyNTYAAABBBF4Us9oFsU9ab03Z3wwXwamdMIppko4i0dpItsr5wgduaoV5Bx6Cj5fvyLAQZmzjbxnwwF46ch0TCAEjv4NK0bo= root@ubuntu-bionic
ssh-ed25519 AAAAC3NzaC1lZDI1NTE5AAAAIBoH0We/xLwuNJgyiK2R4rSUfqgabjuGjz3yTG69g9Gz root@ubuntu-bionic
ssh-rsa AAAAB3NzaC1yc2EAAAADAQABAAABAQC9tFoDxidO1+huQn05ojl5keVv1Ic1tKHHjLHgJnKIZ2wgXgVdBmlczLuG164UuWu3JIb8840H4mxZWJIHkbyprrr9rlTGzrgwYKtTkPKx9pMZ0xd/4YqOY8DuwFQLO/J0BM+DLy1d/i5cPq4cipq8E8SzpUC1n9oAer0Jq9wODSh3v3y8lCwXc7/LiqBtHb3DFEGBS5WT5ML8gfocgAx/j4PAZewpHYCp63vVZF4IHddEdtrF/RSkvXQAa1B8w8AHiGKJ0iBQEGmtp7To+iUEGWI8n7jJQSR6mJpsTjNDs0CXLTOYNRZmVQ/o2if0ScULYeV1nmsY7r7w1ii++Tkx root@ubuntu-bionic
-----END SSH HOST KEY KEYS-----
[   34.700781] cloud-init[1705]: Cloud-init v. 23.1.2-0ubuntu0~18.04.1 running 'modules:final' at Sun, 04 Aug 2024 00:21:40 +0000. Up 34.15 seconds.
[   34.730015] cloud-init[1705]: Cloud-init v. 23.1.2-0ubuntu0~18.04.1 finished at Sun, 04 Aug 2024 00:21:40 +0000. Datasource DataSourceNoCloud [seed=/dev/sdb][dsmode=net].  Up 34.68 seconds
